{"completed": 1, "total": 98, "molecule_id": "mol_001_C3k2"}
{"completed": 2, "total": 98, "molecule_id": "mol_002_C3k2"}
{"completed": 3, "total": 98, "molecule_id": "mol_003_C3k2"}
{"completed": 4, "total": 98, "molecule_id": "mol_004_C3k2"}
{"completed": 5, "total": 98, "molecule_id": "mol_005_C3k2"}
{"completed": 6, "total": 98, "molecule_id": "mol_006_C3k2"}
{"completed": 7, "total": 98, "molecule_id": "mol_007_C3k2"}
{"completed": 8, "total": 98, "molecule_id": "mol_008_C3k2"}
{"completed": 9, "total": 98, "molecule_id": "mol_009_C3k2"}
{"completed": 10, "total": 98, "molecule_id": "mol_010_C3k2"}
{"completed": 11, "total": 98, "molecule_id": "mol_011_C3k2"}
{"completed": 12, "total": 98, "molecule_id": "mol_012_C3k2"}
{"completed": 13, "total": 98, "molecule_id": "mol_013_C3k2"}
{"completed": 14, "total": 98, "molecule_id": "mol_014_C3k2"}
{"completed": 15, "total": 98, "molecule_id": "mol_015_C3k2"}
{"completed": 16, "total": 98, "molecule_id": "mol_016_C3k2"}
{"completed": 17, "total": 98, "molecule_id": "mol_017_C3k2"}
{"completed": 18, "total": 98, "molecule_id": "mol_018_C3k2"}
{"completed": 19, "total": 98, "molecule_id": "mol_019_C3k2"}
{"completed": 20, "total": 98, "molecule_id": "mol_020_C3k2"}
{"completed": 21, "total": 98, "molecule_id": "mol_021_C3k2"}
{"completed": 22, "total": 98, "molecule_id": "mol_022_C3k2"}
{"completed": 23, "total": 98, "molecule_id": "mol_023_C3k2"}
{"completed": 24, "total": 98, "molecule_id": "mol_024_C3k2"}
{"completed": 25, "total": 98, "molecule_id": "mol_001_C3k3"}
{"completed": 26, "total": 98, "molecule_id": "mol_002_C3k3"}
{"completed": 27, "total": 98, "molecule_id": "mol_003_C3k3"}
{"completed": 28, "total": 98, "molecule_id": "mol_004_C3k3"}
{"completed": 29, "total": 98, "molecule_id": "mol_005_C3k3"}
{"completed": 30, "total": 98, "molecule_id": "mol_006_C3k3"}
{"completed": 31, "total": 98, "molecule_id": "mol_007_C3k3"}
{"completed": 32, "total": 98, "molecule_id": "mol_008_C3k3"}
{"completed": 33, "total": 98, "molecule_id": "mol_009_C3k3"}
{"completed": 34, "total": 98, "molecule_id": "mol_010_C3k3"}
{"completed": 35, "total": 98, "molecule_id": "mol_011_C3k3"}
{"completed": 36, "total": 98, "molecule_id": "mol_012_C3k3"}
{"completed": 37, "total": 98, "molecule_id": "mol_013_C3k3"}
{"completed": 38, "total": 98, "molecule_id": "mol_014_C3k3"}
{"completed": 39, "total": 98, "molecule_id": "mol_015_C3k3"}
{"completed": 40, "total": 98, "molecule_id": "mol_016_C3k3"}
{"completed": 41, "total": 98, "molecule_id": "mol_017_C3k3"}
{"completed": 42, "total": 98, "molecule_id": "mol_018_C3k3"}
{"completed": 43, "total": 98, "molecule_id": "mol_019_C3k3"}
{"completed": 44, "total": 98, "molecule_id": "mol_020_C3k3"}
{"completed": 45, "total": 98, "molecule_id": "mol_021_C3k3"}
{"completed": 46, "total": 98, "molecule_id": "mol_022_C3k3"}
{"completed": 47, "total": 98, "molecule_id": "mol_023_C3k3"}
{"completed": 48, "total": 98, "molecule_id": "mol_024_C3k3"}
{"completed": 49, "total": 98, "molecule_id": "mol_025_C3k3"}
{"completed": 50, "total": 98, "molecule_id": "mol_026_C3k3"}
{"completed": 51, "total": 98, "molecule_id": "mol_027_C3k3"}
{"completed": 52, "total": 98, "molecule_id": "mol_028_C3k3"}
{"completed": 53, "total": 98, "molecule_id": "mol_029_C3k3"}
{"completed": 54, "total": 98, "molecule_id": "mol_030_C3k3"}
{"completed": 55, "total": 98, "molecule_id": "mol_031_C3k3"}
{"completed": 56, "total": 98, "molecule_id": "mol_032_C3k3"}
{"completed": 57, "total": 98, "molecule_id": "mol_033_C3k3"}
{"completed": 58, "total": 98, "molecule_id": "mol_034_C3k3"}
{"completed": 59, "total": 98, "molecule_id": "mol_035_C3k3"}
{"completed": 60, "total": 98, "molecule_id": "mol_036_C3k3"}
{"completed": 61, "total": 98, "molecule_id": "mol_037_C3k3"}
{"completed": 62, "total": 98, "molecule_id": "mol_038_C3k3"}
{"completed": 63, "total": 98, "molecule_id": "mol_039_C3k3"}
{"completed": 64, "total": 98, "molecule_id": "mol_040_C3k3"}
{"completed": 65, "total": 98, "molecule_id": "mol_041_C3k3"}
{"completed": 66, "total": 98, "molecule_id": "mol_042_C3k3"}
{"completed": 67, "total": 98, "molecule_id": "mol_043_C3k3"}
{"completed": 68, "total": 98, "molecule_id": "mol_044_C3k3"}
{"completed": 69, "total": 98, "molecule_id": "mol_045_C3k3"}
{"completed": 70, "total": 98, "molecule_id": "mol_046_C3k3"}
{"completed": 71, "total": 98, "molecule_id": "mol_047_C3k3"}
{"completed": 72, "total": 98, "molecule_id": "mol_048_C3k3"}
{"completed": 73, "total": 98, "molecule_id": "mol_049_C3k3"}
{"completed": 74, "total": 98, "molecule_id": "mol_050_C3k3"}
{"completed": 75, "total": 98, "molecule_id": "mol_051_C3k3"}
{"completed": 76, "total": 98, "molecule_id": "mol_052_C3k3"}
{"completed": 77, "total": 98, "molecule_id": "mol_053_C3k3"}
{"completed": 78, "total": 98, "molecule_id": "mol_054_C3k3"}
{"completed": 79, "total": 98, "molecule_id": "mol_055_C3k3"}
{"completed": 80, "total": 98, "molecule_id": "mol_056_C3k3"}
{"completed": 81, "total": 98, "molecule_id": "mol_057_C3k3"}
{"completed": 82, "total": 98, "molecule_id": "mol_058_C3k3"}
{"completed": 83, "total": 98, "molecule_id": "mol_059_C3k3"}
{"completed": 84, "total": 98, "molecule_id": "mol_060_C3k3"}
{"completed": 85, "total": 98, "molecule_id": "mol_061_C3k3"}
{"completed": 86, "total": 98, "molecule_id": "mol_062_C3k3"}
{"completed": 87, "total": 98, "molecule_id": "mol_063_C3k3"}
{"completed": 88, "total": 98, "molecule_id": "mol_064_C3k3"}
{"completed": 89, "total": 98, "molecule_id": "mol_065_C3k3"}
{"completed": 90, "total": 98, "molecule_id": "mol_066_C3k3"}
{"completed": 91, "total": 98, "molecule_id": "mol_067_C3k3"}
{"completed": 92, "total": 98, "molecule_id": "mol_068_C3k3"}
{"completed": 93, "total": 98, "molecule_id": "mol_069_C3k3"}
{"completed": 94, "total": 98, "molecule_id": "mol_070_C3k3"}
{"completed": 95, "total": 98, "molecule_id": "mol_071_C3k3"}
{"completed": 96, "total": 98, "molecule_id": "mol_072_C3k3"}
{"completed": 97, "total": 98, "molecule_id": "mol_073_C3k3"}
{"completed": 98, "total": 98, "molecule_id": "mol_074_C3k3"}
{
  "contact_sheet_count": 6,
  "image_count": 98,
  "status": "PASS_OUR_ETFLOW_CN_VISUALIZATION"
}
